   Compiling intent-protocol v0.1.0 (/Users/erikwilliamson/Documents/network-intent/runtime/protocol)
    Finished `test` profile [unoptimized + debuginfo] target(s) in 1.22s
     Running unittests src/lib.rs (target/debug/deps/intent_protocol-5a432b1413c90978)

running 1 test
test assurance::address_tests::interface_addresses_preserve_host_bits_and_validate_prefix ... ok

test result: ok. 1 passed; 0 failed; 0 ignored; 0 measured; 0 filtered out; finished in 0.00s

     Running tests/contracts.rs (target/debug/deps/contracts-0625cccc349bf9d9)

running 10 tests
test freshness_rejects_stale_incomplete_and_future_observations ... ok
test rejects_omitted_or_modified_authoritative_claims ... ok
test accepts_a_complete_plan_against_independent_authoritative_context ... ok
test rejects_missing_coverage_even_when_the_plan_claim_is_authoritative ... ok
test rejects_tampered_revision_and_profile_binding ... ok
test validate_probe_rejects_mismatched_expectation ... ok
test rejects_unsupported_claims_and_primitives ... ok
test validate_probe_rejects_missing_endpoint_source_and_family_mismatch ... ok
test rejects_stale_and_future_profiles ... ok
test rejects_duplicate_ids_dangling_dependencies_and_cycles ... ok

test result: ok. 10 passed; 0 failed; 0 ignored; 0 measured; 0 filtered out; finished in 0.00s

   Doc-tests intent_protocol

running 0 tests

test result: ok. 0 passed; 0 failed; 0 ignored; 0 measured; 0 filtered out; finished in 0.00s
