   Compiling intent-protocol v0.1.0 (/Users/erikwilliamson/Documents/network-intent/runtime/protocol)
   Compiling intent-identity v0.1.0 (/Users/erikwilliamson/Documents/network-intent/runtime/identity)
   Compiling intent-controller v0.1.0 (/Users/erikwilliamson/Documents/network-intent/runtime/controller)
   Compiling intent-authorization v0.1.0 (/Users/erikwilliamson/Documents/network-intent/runtime/authorization)
warning: unused import: `HealthStatus`
 --> runtime/controller/src/monitor.rs:8:40
  |
8 |     health::{HealthError, HealthState, HealthStatus, HealthTransition},
  |                                        ^^^^^^^^^^^^
  |
  = note: `#[warn(unused_imports)]` on by default

warning: `intent-controller` (lib) generated 1 warning (run `cargo fix --lib -p intent-controller` to apply 1 suggestion)
    Finished `test` profile [unoptimized + debuginfo] target(s) in 1.75s
     Running unittests src/lib.rs (target/debug/deps/intent_authorization-3d734d4f0d8f59bd)

running 0 tests

test result: ok. 0 passed; 0 failed; 0 ignored; 0 measured; 0 filtered out; finished in 0.00s

     Running tests/matrix.rs (target/debug/deps/matrix-7e63e0b4417fb5ff)

running 4 tests
test duplicate_trusted_binding_is_rejected ... ok
test trust_domain_device_grant_and_binding_fences_are_required ... ok
test role_attribute_cannot_be_spoofed_by_identity_text ... ok
test role_action_matrix_and_explicit_forbids ... ok

test result: ok. 4 passed; 0 failed; 0 ignored; 0 measured; 0 filtered out; finished in 0.04s

     Running unittests src/lib.rs (target/debug/deps/intent_controller-7ef3eb05084713d1)

running 27 tests
test health::tests::ambiguity_and_staleness_never_close_incident_or_accumulate_success ... ok
test health::tests::rejects_out_of_order_and_foreign_plan_and_unknown_dependencies ... ok
test health::tests::incident_threshold_recovery_and_duplicate_across_restart ... ok
test monitor::tests::failed_foreign_key_write_rolls_back_transaction ... ok
test monitor::tests::reconcile_marks_health_unknown_after_controller_outage ... ok
test monitor::tests::activation_is_immutable_idempotent_and_monotonic ... ok
test storage::tests::backup_refuses_source_path ... ok
test storage::tests::conflicting_id_is_rejected ... ok
test storage::tests::duplicate_receipt_is_acknowledged_after_expiry_but_never_processed ... ok
test monitor::tests::schedules_and_expired_leases_survive_reopen_without_double_claiming ... ok
test monitor::tests::corrupt_timeline_transition_is_rejected ... ok
test storage::tests::rejects_memory_and_uri_databases ... ok
test monitor::tests::original_signed_envelopes_survive_reopen_for_audit ... ok
test storage::tests::future_migration_is_rejected_without_changing_version ... ok
test storage::tests::expired_and_bad_digest_are_rejected ... ok
test monitor::tests::exact_evidence_replay_deduplicates_conflict_and_rollback_do_not_advance_health ... ok
test storage::tests::expired_or_superseded_messages_release_capacity_without_erasing_tombstones ... ok
test storage::tests::fence_and_epoch_cannot_roll_back ... ok
test storage::tests::outbox_is_bounded_and_progress_is_monotonic ... ok
test storage::tests::inbox_is_bounded_and_processed_state_survives_restart ... ok
test storage::tests::ready_messages_never_cross_expiry_or_a_new_fence ... ok
test storage::tests::revision_digest_must_match_source_bytes ... ok
test storage::tests::transaction_rolls_back_baseline_link_failure ... ok
test storage::tests::restart_deduplicates_exact_message ... ok
test storage::tests::versioned_migration_upgrades_v1_without_resetting_it ... ok
test storage::tests::retention_preserves_baselines_and_backup_restores ... ok
test storage::tests::validates_required_fields_time_window_and_bounds ... ok

test result: ok. 27 passed; 0 failed; 0 ignored; 0 measured; 0 filtered out; finished in 0.09s

     Running unittests src/main.rs (target/debug/deps/intent_controller-9b433f79e45cdaa7)

running 0 tests

test result: ok. 0 passed; 0 failed; 0 ignored; 0 measured; 0 filtered out; finished in 0.00s

     Running tests/compiler_admission.rs (target/debug/deps/compiler_admission-156b2bbe17e8612a)

running 3 tests
test invalid_source_cannot_become_a_compiled_draft ... ok
test every_target_has_a_checked_witness ... ok
test executes_authoritative_native_compiler_and_binds_exact_source ... ok

test result: ok. 3 passed; 0 failed; 0 ignored; 0 measured; 0 filtered out; finished in 0.14s

     Running unittests src/lib.rs (target/debug/deps/intent_identity-a4e6c7911d7d7250)

running 6 tests
test tests::dsse_reference_pae_and_unicode_bytes ... ok
test tests::canonical_identity_separates_agents ... ok
test tls::tests::root_expiration_is_checked_after_configuration_creation ... ok
test tests::enforces_role_revocation_validity_and_payload_type ... ok
test tests::key_hint_is_not_authority_and_urlsafe_base64_is_accepted ... ok
test tests::exact_payload_signature_and_rotation ... ok

test result: ok. 6 passed; 0 failed; 0 ignored; 0 measured; 0 filtered out; finished in 0.01s

     Running tests/evidence.rs (target/debug/deps/evidence-d4f892b7d45979dc)

running 6 tests
test revoked_key_and_duplicate_json_fields_are_rejected ... ok
test assignment_validity_rejects_expired_and_future_statements ... ok
test independently_signed_assignment_and_evidence_are_accepted ... ok
test evidence_freshness_and_completeness_never_turn_unavailable_into_success ... ok
test assignment_scope_rejects_wrong_role_and_every_binding_field ... ok
test evidence_is_bound_to_immutable_assignment_and_rejects_role_fields_and_digest ... ok

test result: ok. 6 passed; 0 failed; 0 ignored; 0 measured; 0 filtered out; finished in 0.02s

     Running tests/pki.rs (target/debug/deps/pki-aa7b13ef7865421f)

running 9 tests
test rejects_expired_tickets_and_leaf_lifetimes_over_a_day ... ok
test roots_overlap_rotate_monotonically_and_keep_a_root ... ok
test enrollment_uses_ticket_identity_and_rejects_replay_or_bad_csr ... ok
test issued_validity_matches_der_and_expiry_boundary ... ok
test root_domain_and_removed_root_cannot_authorize_renewal ... ok
test renewal_requires_current_key_proof_and_revocation_survives_restart ... ok
test tls_rotation_accepts_overlap_and_rejects_removed_root ... ok
test tls_rejects_expired_leaf_and_expired_root_bundle ... ok
test tls_configuration_binds_exact_spiffe_peer_uris ... ok

test result: ok. 9 passed; 0 failed; 0 ignored; 0 measured; 0 filtered out; finished in 0.06s

     Running unittests src/lib.rs (target/debug/deps/intent_protocol-48366d9c0100e9f8)

running 0 tests

test result: ok. 0 passed; 0 failed; 0 ignored; 0 measured; 0 filtered out; finished in 0.00s

     Running tests/contracts.rs (target/debug/deps/contracts-f4d03f593d89b787)

running 10 tests
test freshness_rejects_stale_incomplete_and_future_observations ... ok
test validate_probe_rejects_missing_endpoint_source_and_family_mismatch ... ok
test rejects_omitted_or_modified_authoritative_claims ... ok
test validate_probe_rejects_mismatched_expectation ... ok
test rejects_unsupported_claims_and_primitives ... ok
test accepts_a_complete_plan_against_independent_authoritative_context ... ok
test rejects_tampered_revision_and_profile_binding ... ok
test rejects_stale_and_future_profiles ... ok
test rejects_missing_coverage_even_when_the_plan_claim_is_authoritative ... ok
test rejects_duplicate_ids_dangling_dependencies_and_cycles ... ok

test result: ok. 10 passed; 0 failed; 0 ignored; 0 measured; 0 filtered out; finished in 0.00s

   Doc-tests intent_authorization

running 0 tests

test result: ok. 0 passed; 0 failed; 0 ignored; 0 measured; 0 filtered out; finished in 0.00s

   Doc-tests intent_controller

running 0 tests

test result: ok. 0 passed; 0 failed; 0 ignored; 0 measured; 0 filtered out; finished in 0.00s

   Doc-tests intent_identity

running 0 tests

test result: ok. 0 passed; 0 failed; 0 ignored; 0 measured; 0 filtered out; finished in 0.00s

   Doc-tests intent_protocol

running 0 tests

test result: ok. 0 passed; 0 failed; 0 ignored; 0 measured; 0 filtered out; finished in 0.00s
